// Vitest Snapshot v1, https://vitest.dev/guide/snapshot.html

exports[`Weather Image > it should render correctly 1`] = `
<div>
  <div
    class="w-full"
    data-testid="weather-image"
  >
    <img
      alt="foo"
      fetchpriority="low"
      height="396"
      src="baa"
      style="display: block; width: 100%; max-width: 100%; height: auto;"
      width="565"
    />
  </div>
</div>
`;
