// Jest Snapshot v1, https://goo.gl/fbAQLP

exports[`Weather Image it should render correctly 1`] = `
<div>
  <div
    class="aspectRatioBox"
    data-testid="weather-image"
  >
    <img
      alt="foo"
      class="croppedImage"
      height="600"
      src="baa"
      style="min-height: 85%; object-position: 0% 62%;"
      width="711"
    />
  </div>
</div>
`;
