// Jest Snapshot v1, https://goo.gl/fbAQLP

exports[`NavBar Component should render correctly 1`] = `
<div>
  <div
    class="sticky top-0 z-50"
  >
    <nav
      class="flex items-center flex-wrap bg-gradient-to-r from-purple-400  to-blue-600 p-2 "
    >
      <a
        class="inline-flex items-center p-2 mr-4 "
        href="/"
      >
        <svg
          height="24pt"
          version="1.1"
          viewBox="0 0 24 24"
          width="24pt"
          xmlns="http://www.w3.org/2000/svg"
        >
          <g
            id="surface1"
          >
            <path
              d="M 20.570312 6 C 18.679688 6 17.144531 7.539062 17.144531 9.429688 C 17.144531 9.902344 17.527344 10.285156 18 10.285156 C 18.472656 10.285156 18.855469 9.902344 18.855469 9.429688 C 18.855469 8.484375 19.625 7.714844 20.570312 7.714844 C 21.515625 7.714844 22.285156 8.484375 22.285156 9.429688 C 22.285156 10.375 21.515625 11.144531 20.570312 11.144531 L 0.925781 11.144531 C 0.453125 11.144531 0.0664062 11.527344 0.0664062 12 C 0.0664062 12.472656 0.453125 12.855469 0.925781 12.855469 L 20.570312 12.855469 C 22.460938 12.855469 24 11.320312 24 9.429688 C 24 7.539062 22.460938 6 20.570312 6 Z M 20.570312 6 "
              fill="rgb(100%,98.823529%,98.823529%)"
              fill-opacity="1"
              fill-rule="nonzero"
              stroke="none"
            />
            <path
              d="M 12 2.570312 C 10.109375 2.570312 8.570312 4.109375 8.570312 6 C 8.570312 6.472656 8.953125 6.855469 9.429688 6.855469 C 9.902344 6.855469 10.285156 6.472656 10.285156 6 C 10.285156 5.054688 11.054688 4.285156 12 4.285156 C 12.945312 4.285156 13.714844 5.054688 13.714844 6 C 13.714844 6.945312 12.945312 7.714844 12 7.714844 L 0.855469 7.714844 C 0.382812 7.714844 0 8.097656 0 8.570312 C 0 9.042969 0.382812 9.429688 0.855469 9.429688 L 12 9.429688 C 13.890625 9.429688 15.429688 7.890625 15.429688 6 C 15.429688 4.109375 13.890625 2.570312 12 2.570312 Z M 12 2.570312 "
              fill="rgb(100%,98.823529%,98.823529%)"
              fill-opacity="1"
              fill-rule="nonzero"
              stroke="none"
            />
            <path
              d="M 12 14.570312 L 0.855469 14.570312 C 0.382812 14.570312 0 14.957031 0 15.429688 C 0 15.902344 0.382812 16.285156 0.855469 16.285156 L 12 16.285156 C 12.945312 16.285156 13.714844 17.054688 13.714844 18 C 13.714844 18.945312 12.945312 19.714844 12 19.714844 C 11.054688 19.714844 10.285156 18.945312 10.285156 18 C 10.285156 17.527344 9.902344 17.144531 9.429688 17.144531 C 8.953125 17.144531 8.570312 17.527344 8.570312 18 C 8.570312 19.890625 10.109375 21.429688 12 21.429688 C 13.890625 21.429688 15.429688 19.890625 15.429688 18 C 15.429688 16.109375 13.890625 14.570312 12 14.570312 Z M 12 14.570312 "
              fill="rgb(100%,98.823529%,98.823529%)"
              fill-opacity="1"
              fill-rule="nonzero"
              stroke="none"
            />
          </g>
        </svg>
        <span
          class="pl-2 text-xl text-white font-bold uppercase tracking-wide "
        >
          Metvuw Mobile
        </span>
      </a>
      <button
        aria-label="Open Menu"
        class="lg:hidden inline-flex p-3 hover:bg-blue-600 rounded text-white ml-auto hover:text-white outline-none"
      >
        <svg
          class="w-6 h-6"
          fill="none"
          stroke="currentColor"
          viewBox="0 0 24 24"
          xmlns="http://www.w3.org/2000/svg"
        >
          <path
            d="M4 6h16M4 12h16M4 18h16"
            stroke-linecap="round"
            stroke-linejoin="round"
            stroke-width="2"
          />
        </svg>
      </button>
      <div
        class="hidden   w-full lg:inline-flex lg:flex-grow lg:w-auto"
      >
        <div
          class="lg:inline-flex lg:flex-row lg:ml-auto lg:w-auto w-full lg:items-center items-start  flex flex-col lg:h-auto"
        >
          <div
            class="group inline-block relative"
          >
            <button
              class="px-3 py-2 rounded-t text-white font-bold items-center justify-center hover:bg-blue-400 hover:text-white inline-flex"
            >
              <span
                class="mr-1"
              >
                New Zealand
              </span>
              <svg
                class="fill-current h-4 w-4"
                viewBox="0 0 20 20"
                xmlns="http://www.w3.org/2000/svg"
              >
                <path
                  d="M9.293 12.95l.707.707L15.657 8l-1.414-1.414L10 10.828 5.757 6.586 4.343 8z"
                />
              </svg>
            </button>
            <ul
              class="absolute w-full	hidden rounded-b text-white font-bold bg-blue-400  group-hover:block z-50"
            >
              <li
                class="hover:bg-blue-500 rounded"
              >
                <a
                  class="max-w-full py-2 px-4 block whitespace-no-wrap "
                  href="/regions/nz"
                >
                  New Zealand
                </a>
              </li>
              <li
                class="hover:bg-blue-500 rounded"
              >
                <a
                  class="max-w-full py-2 px-4 block whitespace-no-wrap "
                  href="/regions/nzni"
                >
                  North Island
                </a>
              </li>
              <li
                class="hover:bg-blue-500 rounded"
              >
                <a
                  class="max-w-full py-2 px-4 block whitespace-no-wrap "
                  href="/regions/nzsi"
                >
                  South Island
                </a>
              </li>
            </ul>
          </div>
          <div
            class="group inline-block relative"
          >
            <button
              class="px-3 py-2 rounded-t text-white font-bold items-center justify-center hover:bg-blue-400 hover:text-white inline-flex"
            >
              <span
                class="mr-1"
              >
                Australia
              </span>
              <svg
                class="fill-current h-4 w-4"
                viewBox="0 0 20 20"
                xmlns="http://www.w3.org/2000/svg"
              >
                <path
                  d="M9.293 12.95l.707.707L15.657 8l-1.414-1.414L10 10.828 5.757 6.586 4.343 8z"
                />
              </svg>
            </button>
            <ul
              class="absolute w-full	hidden rounded-b text-white font-bold bg-blue-400  group-hover:block z-50"
            >
              <li
                class="hover:bg-blue-500 rounded"
              >
                <a
                  class="max-w-full py-2 px-4 block whitespace-no-wrap "
                  href="/regions/victoria"
                >
                  Victoria & Tasmania
                </a>
              </li>
              <li
                class="hover:bg-blue-500 rounded"
              >
                <a
                  class="max-w-full py-2 px-4 block whitespace-no-wrap "
                  href="/regions/nsw"
                >
                  New South Wales
                </a>
              </li>
              <li
                class="hover:bg-blue-500 rounded"
              >
                <a
                  class="max-w-full py-2 px-4 block whitespace-no-wrap "
                  href="/regions/waussie"
                >
                  Western Australia
                </a>
              </li>
              <li
                class="hover:bg-blue-500 rounded"
              >
                <a
                  class="max-w-full py-2 px-4 block whitespace-no-wrap "
                  href="/regions/swaussie"
                >
                  Perth
                </a>
              </li>
              <li
                class="hover:bg-blue-500 rounded"
              >
                <a
                  class="max-w-full py-2 px-4 block whitespace-no-wrap "
                  href="/regions/queensland"
                >
                  Queensland
                </a>
              </li>
              <li
                class="hover:bg-blue-500 rounded"
              >
                <a
                  class="max-w-full py-2 px-4 block whitespace-no-wrap "
                  href="/regions/saussie"
                >
                  South Australia
                </a>
              </li>
              <li
                class="hover:bg-blue-500 rounded"
              >
                <a
                  class="max-w-full py-2 px-4 block whitespace-no-wrap "
                  href="/regions/seaussie"
                >
                  South East Australia
                </a>
              </li>
            </ul>
          </div>
          <div
            class="group inline-block relative"
          >
            <button
              class="px-3 py-2 rounded-t text-white font-bold items-center justify-center hover:bg-blue-400 hover:text-white inline-flex"
            >
              <span
                class="mr-1"
              >
                Pacific
              </span>
              <svg
                class="fill-current h-4 w-4"
                viewBox="0 0 20 20"
                xmlns="http://www.w3.org/2000/svg"
              >
                <path
                  d="M9.293 12.95l.707.707L15.657 8l-1.414-1.414L10 10.828 5.757 6.586 4.343 8z"
                />
              </svg>
            </button>
            <ul
              class="absolute w-full	hidden rounded-b text-white font-bold bg-blue-400  group-hover:block z-50"
            >
              <li
                class="hover:bg-blue-500 rounded"
              >
                <a
                  class="max-w-full py-2 px-4 block whitespace-no-wrap "
                  href="/regions/newcaledonia"
                >
                  New Caledonia
                </a>
              </li>
              <li
                class="hover:bg-blue-500 rounded"
              >
                <a
                  class="max-w-full py-2 px-4 block whitespace-no-wrap "
                  href="/regions/fiji"
                >
                  Fiji
                </a>
              </li>
              <li
                class="hover:bg-blue-500 rounded"
              >
                <a
                  class="max-w-full py-2 px-4 block whitespace-no-wrap "
                  href="/regions/swp"
                >
                  South West Pacific
                </a>
              </li>
              <li
                class="hover:bg-blue-500 rounded"
              >
                <a
                  class="max-w-full py-2 px-4 block whitespace-no-wrap "
                  href="/regions/ocean"
                >
                  Fiji - NZ
                </a>
              </li>
            </ul>
          </div>
          <div
            class="group inline-block relative"
          >
            <button
              class="px-3 py-2 rounded-t text-white font-bold items-center justify-center hover:bg-blue-400 hover:text-white inline-flex"
            >
              <span
                class="mr-1"
              >
                Europe
              </span>
              <svg
                class="fill-current h-4 w-4"
                viewBox="0 0 20 20"
                xmlns="http://www.w3.org/2000/svg"
              >
                <path
                  d="M9.293 12.95l.707.707L15.657 8l-1.414-1.414L10 10.828 5.757 6.586 4.343 8z"
                />
              </svg>
            </button>
            <ul
              class="absolute w-full	hidden rounded-b text-white font-bold bg-blue-400  group-hover:block z-50"
            >
              <li
                class="hover:bg-blue-500 rounded"
              >
                <a
                  class="max-w-full py-2 px-4 block whitespace-no-wrap "
                  href="/regions/europe"
                >
                  Europe
                </a>
              </li>
              <li
                class="hover:bg-blue-500 rounded"
              >
                <a
                  class="max-w-full py-2 px-4 block whitespace-no-wrap "
                  href="/regions/uk"
                >
                  United Kingdom
                </a>
              </li>
              <li
                class="hover:bg-blue-500 rounded"
              >
                <a
                  class="max-w-full py-2 px-4 block whitespace-no-wrap "
                  href="/regions/estonia"
                >
                  Estonia
                </a>
              </li>
              <li
                class="hover:bg-blue-500 rounded"
              >
                <a
                  class="max-w-full py-2 px-4 block whitespace-no-wrap "
                  href="/regions/turkey"
                >
                  Turkey
                </a>
              </li>
            </ul>
          </div>
          <div
            class="group inline-block relative"
          >
            <button
              class="px-3 py-2 rounded-t text-white font-bold items-center justify-center hover:bg-blue-400 hover:text-white inline-flex"
            >
              <span
                class="mr-1"
              >
                Rest Of World
              </span>
              <svg
                class="fill-current h-4 w-4"
                viewBox="0 0 20 20"
                xmlns="http://www.w3.org/2000/svg"
              >
                <path
                  d="M9.293 12.95l.707.707L15.657 8l-1.414-1.414L10 10.828 5.757 6.586 4.343 8z"
                />
              </svg>
            </button>
            <ul
              class="absolute w-full	hidden rounded-b text-white font-bold bg-blue-400  group-hover:block z-50"
            >
              <li
                class="hover:bg-blue-500 rounded"
              >
                <a
                  class="max-w-full py-2 px-4 block whitespace-no-wrap "
                  href="/regions/world"
                >
                  World
                </a>
              </li>
              <li
                class="hover:bg-blue-500 rounded"
              >
                <a
                  class="max-w-full py-2 px-4 block whitespace-no-wrap "
                  href="/regions/satlantic"
                >
                  South Atlantic
                </a>
              </li>
              <li
                class="hover:bg-blue-500 rounded"
              >
                <a
                  class="max-w-full py-2 px-4 block whitespace-no-wrap "
                  href="/regions/natlantic"
                >
                  North Atlantic
                </a>
              </li>
              <li
                class="hover:bg-blue-500 rounded"
              >
                <a
                  class="max-w-full py-2 px-4 block whitespace-no-wrap "
                  href="/regions/usa"
                >
                  USA
                </a>
              </li>
              <li
                class="hover:bg-blue-500 rounded"
              >
                <a
                  class="max-w-full py-2 px-4 block whitespace-no-wrap "
                  href="/regions/japan"
                >
                  Japan
                </a>
              </li>
              <li
                class="hover:bg-blue-500 rounded"
              >
                <a
                  class="max-w-full py-2 px-4 block whitespace-no-wrap "
                  href="/regions/safrica"
                >
                  South Africa
                </a>
              </li>
            </ul>
          </div>
          <div
            class="px-3 py-2 rounded-t text-white font-bold items-center justify-center hover:bg-blue-400 hover:text-white inline-flex"
          >
            <a
              class="mr-1"
              href="/satellite"
            >
              Satellite
            </a>
          </div>
          <div
            class="px-3 py-2 rounded-t text-white font-bold items-center justify-center hover:bg-blue-400 hover:text-white inline-flex"
          >
            <a
              class="mr-1"
              href="mailto:metvuwmobile@gmail.com"
            >
              Contact
            </a>
          </div>
        </div>
      </div>
    </nav>
    <div
      class="flex flex-row justify-center"
    >
      <div
        class="px-2 filter  bg-gray-50 w-full "
      >
        <h1
          class="text-base text-center font-medium text-sm text-gray-800 my-4 "
        />
      </div>
    </div>
  </div>
</div>
`;
