// Jest Snapshot v1, https://goo.gl/fbAQLP

exports[`Weather Image it should render correctly 1`] = `
<div>
  <div
    class="aspectRatioBox"
    data-testid="weather-image"
  >
    <img
      alt="foo"
      class="croppedImage"
      src="baa"
      style="object-position: 0% 62%; min-height: 85%;"
    />
  </div>
</div>
`;
