// Jest Snapshot v1, https://goo.gl/fbAQLP

exports[`Weather Image it should render correctly 1`] = `
<div>
  <div
    class="aspectRatioBox"
    data-testid="weather-image"
  >
    <span
      class=" lazy-load-image-background "
      style="background-image: url(/placeholder.png); background-size: 100% 100%; color: transparent; display: inline-block;"
    >
      <img
        alt="foo"
        class="croppedImage"
        src="baa"
        style="object-position: 0% 62%; min-height: 85%;"
      />
    </span>
  </div>
</div>
`;
