// Jest Snapshot v1, https://goo.gl/fbAQLP

exports[`NavBar Component should render correctly 1`] = `
<div>
  <div
    class="relative inline-flex "
    id="dropdown"
  >
    <button
      aria-expanded="false"
      class="headerText"
    >
      <span>
        My Heading
      </span>
      <span
        class="relative only:-mx-5"
      >
        <svg
          aria-labelledby="t-01 d-01"
          class="w-5 h-5"
          fill="none"
          role="graphics-symbol"
          stroke="currentColor"
          stroke-width="1.5"
          viewBox="0 0 24 24"
          xmlns="http://www.w3.org/2000/svg"
        >
          <title
            id="t-01"
          >
            Button icon
          </title>
          <desc
            id="d-01"
          >
            An icon describing the buttons usage
          </desc>
          <path
            d="M19.5 8.25l-7.5 7.5-7.5-7.5"
            stroke-linecap="round"
            stroke-linejoin="round"
          />
        </svg>
      </span>
    </button>
    <ul
      class="hidden absolute top-full z-10 mt-3 flex w-72 list-none flex-col rounded bg-white py-2 shadow-md shadow-slate-500/10 "
    >
      <li>
        <a
          aria-current="false"
          class=" bg-none text-slate-500 flex items-start justify-start gap-2 p-2 px-5 transition-colors duration-300 hover:bg-blue-50 hover:text-blue-500 focus:bg-blue-50 focus:text-blue-600 focus:outline-none focus-visible:outline-none"
          href="/regions/nz"
        >
          <span
            class="flex flex-col gap-1 overflow-hidden whitespace-nowrap"
          >
            <span
              class="truncate leading-5"
            >
              New Zealand
            </span>
          </span>
        </a>
      </li>
      <li>
        <a
          aria-current="false"
          class=" bg-none text-slate-500 flex items-start justify-start gap-2 p-2 px-5 transition-colors duration-300 hover:bg-blue-50 hover:text-blue-500 focus:bg-blue-50 focus:text-blue-600 focus:outline-none focus-visible:outline-none"
          href="/regions/nzni"
        >
          <span
            class="flex flex-col gap-1 overflow-hidden whitespace-nowrap"
          >
            <span
              class="truncate leading-5"
            >
              North Island
            </span>
          </span>
        </a>
      </li>
      <li>
        <a
          aria-current="false"
          class=" bg-none text-slate-500 flex items-start justify-start gap-2 p-2 px-5 transition-colors duration-300 hover:bg-blue-50 hover:text-blue-500 focus:bg-blue-50 focus:text-blue-600 focus:outline-none focus-visible:outline-none"
          href="/regions/nzsi"
        >
          <span
            class="flex flex-col gap-1 overflow-hidden whitespace-nowrap"
          >
            <span
              class="truncate leading-5"
            >
              South Island
            </span>
          </span>
        </a>
      </li>
    </ul>
  </div>
</div>
`;
